[ENV] Loaded: /home/jebin/.envs/.env
Initializing Chat...
--- First Chat (Fresh) ---
[48;5;18m[1;37m2026-02-19T17:50:06.591270[0m [48;5;18m[1;37mChecking if Docker image exists.[0m
---------------------------------------------------------------------------------------------------
[48;5;18m[1;37m2026-02-19T17:50:06.670518[0m [48;5;18m[1;37mStopping container: temp_gemini_ui_chat[0m
---------------------------------------------------------------------------------------------------
[48;5;18m[1;37m2026-02-19T17:50:06.736657[0m [48;5;18m[1;37mNo container named temp_gemini_ui_chat found.[0m
---------------------------------------------------------------------------------------------------
[48;5;18m[1;37m2026-02-19T17:50:06.762520[0m [48;5;18m[1;37m[PortManager] All containers stopped — port cursors reset.[0m
---------------------------------------------------------------------------------------------------
[48;5;18m[1;37m2026-02-19T17:50:06.763395[0m [48;5;18m[1;37mChrome exit state already clean[0m
---------------------------------------------------------------------------------------------------
[48;5;22m[1;37m2026-02-19T17:50:06.763629[0m [48;5;22m[1;37mRemoved /home/jebin/.geminiuichat/SingletonLock[0m
---------------------------------------------------------------------------------------------------
[48;5;22m[1;37m2026-02-19T17:50:06.763640[0m [48;5;22m[1;37mRemoved /home/jebin/.geminiuichat/SingletonCookie[0m
---------------------------------------------------------------------------------------------------
[48;5;22m[1;37m2026-02-19T17:50:06.763647[0m [48;5;22m[1;37mRemoved /home/jebin/.geminiuichat/SingletonSocket[0m
---------------------------------------------------------------------------------------------------
[48;5;18m[1;37m2026-02-19T17:50:06.763797[0m [48;5;18m[1;37m[temp_gemini_ui_chat] Ports — server: 8083 | debug: 9226 | webrtc: 52202-52302[0m
---------------------------------------------------------------------------------------------------
[48;5;18m[1;37m2026-02-19T17:50:10.418478[0m [48;5;18m[1;37mNeko container started — PID: 2091713[0m
---------------------------------------------------------------------------------------------------
[F[F[F
[K[48;5;18m[1;37m2026-02-19T17:50:10.418514[0m [48;5;18m[1;37mWaiting to start neko browser debug mode 00[0m
---------------------------------------------------------------------------------------------------
[F[F[F
[K[48;5;18m[1;37m2026-02-19T17:50:11.425704[0m [48;5;18m[1;37mWaiting to start neko browser debug mode 01[0m
---------------------------------------------------------------------------------------------------
[F[F[F
[K[48;5;18m[1;37m2026-02-19T17:50:12.432443[0m [48;5;18m[1;37mWaiting to start neko browser debug mode 02[0m
---------------------------------------------------------------------------------------------------
[48;5;18m[1;37m2026-02-19T17:50:12.444316[0m [48;5;18m[1;37mChrome WebSocket ready: ws://localhost:9226/devtools/browser/e1009a3f-1a29-479e-9d23-5e4f20d2ae68[0m
---------------------------------------------------------------------------------------------------
[48;5;18m[1;37m2026-02-19T17:50:12.509878[0m [48;5;18m[1;37m[BG] Screenshot loop started — every 2s → ./temp_gemini_ui_chat/screenshot.png[0m
---------------------------------------------------------------------------------------------------
[48;5;22m[1;37m2026-02-19T17:50:13.489514[0m [48;5;22m[1;37mBrowser started successfully[0m
---------------------------------------------------------------------------------------------------
[48;5;18m[1;37m2026-02-19T17:50:13.489552[0m [48;5;18m[1;37mLoading URL: https://gemini.google.com/[0m
---------------------------------------------------------------------------------------------------
[48;5;18m[1;37m2026-02-19T17:50:13.865882[0m [48;5;18m[1;37mPage loaded successfully, waiting 5s for content...[0m
---------------------------------------------------------------------------------------------------
auto
[48;5;18m[1;37m2026-02-19T17:50:25.617753[0m [48;5;18m[1;37mFilling user prompt into input...[0m
---------------------------------------------------------------------------------------------------
[48;5;18m[1;37m2026-02-19T17:50:25.687997[0m [48;5;18m[1;37mPrompt filled successfully[0m
---------------------------------------------------------------------------------------------------
[48;5;18m[1;37m2026-02-19T17:50:27.883828[0m [48;5;18m[1;37mClicking 'Send' button...[0m
---------------------------------------------------------------------------------------------------
[48;5;18m[1;37m2026-02-19T17:50:28.103330[0m [48;5;18m[1;37m'Send' button clicked[0m
---------------------------------------------------------------------------------------------------
[48;5;18m[1;37m2026-02-19T17:50:42.465316[0m [48;5;18m[1;37mResult fetched successfully[0m
---------------------------------------------------------------------------------------------------
Result: First
Result 1: First
--- Second Chat (Fresh - should reuse browser) ---
[48;5;18m[1;37m2026-02-19T17:50:42.791137[0m [48;5;18m[1;37mLoading URL: https://gemini.google.com/[0m
---------------------------------------------------------------------------------------------------
[48;5;18m[1;37m2026-02-19T17:50:43.138193[0m [48;5;18m[1;37mPage loaded successfully, waiting 5s for content...[0m
---------------------------------------------------------------------------------------------------
auto
[48;5;18m[1;37m2026-02-19T17:50:54.865994[0m [48;5;18m[1;37mFilling user prompt into input...[0m
---------------------------------------------------------------------------------------------------
[48;5;18m[1;37m2026-02-19T17:50:54.959502[0m [48;5;18m[1;37mPrompt filled successfully[0m
---------------------------------------------------------------------------------------------------
[48;5;18m[1;37m2026-02-19T17:50:57.153402[0m [48;5;18m[1;37mClicking 'Send' button...[0m
---------------------------------------------------------------------------------------------------
[48;5;18m[1;37m2026-02-19T17:50:57.394298[0m [48;5;18m[1;37m'Send' button clicked[0m
---------------------------------------------------------------------------------------------------
[48;5;18m[1;37m2026-02-19T17:51:11.902992[0m [48;5;18m[1;37mResult fetched successfully[0m
---------------------------------------------------------------------------------------------------
Result: Second
Result 2: Second
--- Cleanup ---
[48;5;18m[1;37m2026-02-19T17:51:12.109225[0m [48;5;18m[1;37mStopping browser manager...[0m
---------------------------------------------------------------------------------------------------
[48;5;203m[1;37m2026-02-19T17:51:12.156744[0m [48;5;203m[1;37mError closing context: BrowserContext.close: Target page, context or browser has been closed[0m
---------------------------------------------------------------------------------------------------
[48;5;18m[1;37m2026-02-19T17:51:12.164279[0m [48;5;18m[1;37mScreenshot process stopped.[0m
---------------------------------------------------------------------------------------------------
[48;5;18m[1;37m2026-02-19T17:51:12.186790[0m [48;5;18m[1;37mGracefully closing Chrome in temp_gemini_ui_chat...[0m
---------------------------------------------------------------------------------------------------
[48;5;18m[1;37m2026-02-19T17:51:12.242199[0m [48;5;18m[1;37mkillall unavailable — using shell-based SIGTERM...[0m
---------------------------------------------------------------------------------------------------
[48;5;18m[1;37m2026-02-19T17:51:15.418567[0m [48;5;18m[1;37mChrome closed gracefully.[0m
---------------------------------------------------------------------------------------------------
[48;5;18m[1;37m2026-02-19T17:51:15.418604[0m [48;5;18m[1;37mStopping container: temp_gemini_ui_chat[0m
---------------------------------------------------------------------------------------------------
[48;5;18m[1;37m2026-02-19T17:51:15.454451[0m [48;5;18m[1;37mContainer temp_gemini_ui_chat found — removing...[0m
---------------------------------------------------------------------------------------------------
[48;5;18m[1;37m2026-02-19T17:51:24.012373[0m [48;5;18m[1;37mContainer temp_gemini_ui_chat stopped and removed.[0m
---------------------------------------------------------------------------------------------------
[48;5;18m[1;37m2026-02-19T17:51:24.012499[0m [48;5;18m[1;37m[PortManager] Releasing ports for: temp_gemini_ui_chat[0m
---------------------------------------------------------------------------------------------------
[48;5;18m[1;37m2026-02-19T17:51:24.012507[0m [48;5;18m[1;37m[PortManager] All containers stopped — port cursors reset.[0m
---------------------------------------------------------------------------------------------------
[48;5;18m[1;37m2026-02-19T17:51:24.012641[0m [48;5;18m[1;37mNeko process cleaned up.[0m
---------------------------------------------------------------------------------------------------
[48;5;22m[1;37m2026-02-19T17:51:24.012649[0m [48;5;22m[1;37mBrowser stopped successfully[0m
---------------------------------------------------------------------------------------------------
Done.
[48;5;18m[1;37m2026-02-19T17:51:24.021205[0m [48;5;18m[1;37m[PortManager] All containers stopped — port cursors reset.[0m
---------------------------------------------------------------------------------------------------
